This is XeTeX, Version 3.141592653-2.6-0.999997 (MiKTeX 25.12) (preloaded format=xelatex 2026.5.22)  22 MAY 2026 11:53
entering extended mode
 restricted \write18 enabled.
 %&-line parsing enabled.
**./bao-cao-hoan-chinh.tex
(bao-cao-hoan-chinh.tex
LaTeX2e <2025-11-01>
L3 programming layer <2025-12-24>
(C:\Users\AnThiwn\AppData\Local\Programs\MiKTeX\tex/latex/base\report.cls
Document Class: report 2025/01/22 v1.4n Standard LaTeX document class
(C:\Users\AnThiwn\AppData\Local\Programs\MiKTeX\tex/latex/base\size12.clo
File: size12.clo 2025/01/22 v1.4n Standard LaTeX file (size option)
)
\c@part=\count271
\c@chapter=\count272
\c@section=\count273
\c@subsection=\count274
\c@subsubsection=\count275
\c@paragraph=\count276
\c@subparagraph=\count277
\c@figure=\count278
\c@table=\count279
\abovecaptionskip=\skip49
\belowcaptionskip=\skip50
\bibindent=\dimen148
)
(C:\Users\AnThiwn\AppData\Local\Programs\MiKTeX\tex/generic/iftex\iftex.sty
Package: iftex 2024/12/12 v1.0g TeX engine tests
)
(C:\Users\AnThiwn\AppData\Local\Programs\MiKTeX\tex/latex/fontspec\fontspec.sty

(C:\Users\AnThiwn\AppData\Local\Programs\MiKTeX\tex/latex/l3packages/xparse\xpa
rse.sty
(C:\Users\AnThiwn\AppData\Local\Programs\MiKTeX\tex/latex/l3kernel\expl3.sty
Package: expl3 2025-12-24 L3 programming layer (loader) 

(C:\Users\AnThiwn\AppData\Local\Programs\MiKTeX\tex/latex/l3backend\l3backend-x
etex.def
File: l3backend-xetex.def 2025-10-09 L3 backend support: XeTeX
\g__graphics_track_int=\count280
\g__pdfannot_backend_int=\count281
\g__pdfannot_backend_link_int=\count282
))
Package: xparse 2025-10-09 L3 Experimental document command parser
)
Package: fontspec 2025/09/29 v2.9g Font selection for XeLaTeX and LuaLaTeX

(C:\Users\AnThiwn\AppData\Local\Programs\MiKTeX\tex/latex/fontspec\fontspec-xet
ex.sty
Package: fontspec-xetex 2025/09/29 v2.9g Font selection for XeLaTeX and LuaLaTe
X
\l__fontspec_script_int=\count283
\l__fontspec_language_int=\count284
\l__fontspec_strnum_int=\count285
\l__fontspec_tmp_int=\count286
\l__fontspec_tmpa_int=\count287
\l__fontspec_tmpb_int=\count288
\l__fontspec_tmpc_int=\count289
\l__fontspec_em_int=\count290
\l__fontspec_emdef_int=\count291
\l__fontspec_strong_int=\count292
\l__fontspec_strongdef_int=\count293
\l__fontspec_tmpa_dim=\dimen149
\l__fontspec_tmpb_dim=\dimen150
\l__fontspec_tmpc_dim=\dimen151

(C:\Users\AnThiwn\AppData\Local\Programs\MiKTeX\tex/latex/base\fontenc.sty
Package: fontenc 2025/07/18 v2.1d Standard LaTeX package
)
(C:\Users\AnThiwn\AppData\Local\Programs\MiKTeX\tex/latex/fontspec\fontspec.cfg
)))

Package fontspec Info: 
(fontspec)             Font family 'TimesNewRoman(0)' created for font 'Times
(fontspec)             New Roman' with options [Ligatures=TeX].
(fontspec)              
(fontspec)              This font family consists of the following NFSS
(fontspec)             series/shapes:
(fontspec)              
(fontspec)             - 'normal' (m/n) with NFSS spec.: <->"Times New
(fontspec)             Roman/OT:script=latn;language=dflt;mapping=tex-text;"
(fontspec)             - 'small caps'  (m/sc) with NFSS spec.: <->"Times New
(fontspec)             Roman/OT:script=latn;language=dflt;+smcp;mapping=tex-tex
t;"
(fontspec)             - 'bold' (b/n) with NFSS spec.: <->"Times New
(fontspec)             Roman/B/OT:script=latn;language=dflt;mapping=tex-text;"
(fontspec)             - 'bold small caps'  (b/sc) with NFSS spec.: <->"Times
(fontspec)             New
(fontspec)             Roman/B/OT:script=latn;language=dflt;+smcp;mapping=tex-t
ext;"
(fontspec)             - 'italic' (m/it) with NFSS spec.: <->"Times New
(fontspec)             Roman/I/OT:script=latn;language=dflt;mapping=tex-text;"
(fontspec)             - 'italic small caps'  (m/scit) with NFSS spec.:
(fontspec)             <->"Times New
(fontspec)             Roman/I/OT:script=latn;language=dflt;+smcp;mapping=tex-t
ext;"
(fontspec)             - 'bold italic' (b/it) with NFSS spec.: <->"Times New
(fontspec)             Roman/BI/OT:script=latn;language=dflt;mapping=tex-text;"

(fontspec)             - 'bold italic small caps'  (b/scit) with NFSS spec.:
(fontspec)             <->"Times New
(fontspec)             Roman/BI/OT:script=latn;language=dflt;+smcp;mapping=tex-
text;"


Package fontspec Info: 
(fontspec)             Font family 'Consolas(0)' created for font 'Consolas'
(fontspec)             with options
(fontspec)             [WordSpace={1,0,0},HyphenChar=None,PunctuationSpace=Word
Space].
(fontspec)              
(fontspec)              This font family consists of the following NFSS
(fontspec)             series/shapes:
(fontspec)              
(fontspec)             - 'normal' (m/n) with NFSS spec.:
(fontspec)             <->"Consolas/OT:script=latn;language=dflt;"
(fontspec)             - 'bold' (b/n) with NFSS spec.:
(fontspec)             <->"Consolas/B/OT:script=latn;language=dflt;"
(fontspec)             - 'italic' (m/it) with NFSS spec.:
(fontspec)             <->"Consolas/I/OT:script=latn;language=dflt;"
(fontspec)             - 'bold italic' (b/it) with NFSS spec.:
(fontspec)             <->"Consolas/BI/OT:script=latn;language=dflt;"


(C:\Users\AnThiwn\AppData\Local\Programs\MiKTeX\tex/latex/geometry\geometry.sty
Package: geometry 2026/03/07 v6.0 Page Geometry
(C:\Users\AnThiwn\AppData\Local\Programs\MiKTeX\tex/latex/graphics\keyval.sty
Package: keyval 2022/05/29 v1.15 key=value parser (DPC)
\KV@toks@=\toks17
)
(C:\Users\AnThiwn\AppData\Local\Programs\MiKTeX\tex/generic/iftex\ifvtex.sty
Package: ifvtex 2019/10/25 v1.7 ifvtex legacy package. Use iftex instead.
)
\Gm@cnth=\count294
\Gm@cntv=\count295
\c@Gm@tempcnt=\count296
\Gm@bindingoffset=\dimen152
\Gm@wd@mp=\dimen153
\Gm@odd@mp=\dimen154
\Gm@even@mp=\dimen155
\Gm@layoutwidth=\dimen156
\Gm@layoutheight=\dimen157
\Gm@layouthoffset=\dimen158
\Gm@layoutvoffset=\dimen159
\Gm@dimlist=\toks18

(C:\Users\AnThiwn\AppData\Local\Programs\MiKTeX\tex/latex/geometry\geometry.cfg
)) (C:\Users\AnThiwn\AppData\Local\Programs\MiKTeX\tex/latex/tools\array.sty
Package: array 2025/09/25 v2.6n Tabular extension package (FMi)
\col@sep=\dimen160
\ar@mcellbox=\box53
\extrarowheight=\dimen161
\NC@list=\toks19
\extratabsurround=\skip51
\backup@length=\skip52
\ar@cellbox=\box54
)
(C:\Users\AnThiwn\AppData\Local\Programs\MiKTeX\tex/latex/tools\longtable.sty
Package: longtable 2025-10-13 v4.24 Multi-page Table package (DPC)
\LTleft=\skip53
\LTright=\skip54
\LTpre=\skip55
\LTpost=\skip56
\LTchunksize=\count297
\LTcapwidth=\dimen162
\LT@head=\box55
\LT@firsthead=\box56
\LT@foot=\box57
\LT@lastfoot=\box58
\LT@gbox=\box59
\LT@cols=\count298
\LT@rows=\count299
\c@LT@tables=\count300
\c@LT@chunks=\count301
\LT@p@ftn=\toks20
)
(C:\Users\AnThiwn\AppData\Local\Programs\MiKTeX\tex/latex/booktabs\booktabs.sty
Package: booktabs 2020/01/12 v1.61803398 Publication quality tables
\heavyrulewidth=\dimen163
\lightrulewidth=\dimen164
\cmidrulewidth=\dimen165
\belowrulesep=\dimen166
\belowbottomsep=\dimen167
\aboverulesep=\dimen168
\abovetopsep=\dimen169
\cmidrulesep=\dimen170
\cmidrulekern=\dimen171
\defaultaddspace=\dimen172
\@cmidla=\count302
\@cmidlb=\count303
\@aboverulesep=\dimen173
\@belowrulesep=\dimen174
\@thisruleclass=\count304
\@lastruleclass=\count305
\@thisrulewidth=\dimen175
) (C:\Users\AnThiwn\AppData\Local\Programs\MiKTeX\tex/latex/tools\tabularx.sty
Package: tabularx 2023/12/11 v2.12a `tabularx' package (DPC)
\TX@col@width=\dimen176
\TX@old@table=\dimen177
\TX@old@col=\dimen178
\TX@target=\dimen179
\TX@delta=\dimen180
\TX@cols=\count306
\TX@ftn=\toks21
)
(C:\Users\AnThiwn\AppData\Local\Programs\MiKTeX\tex/latex/enumitem\enumitem.sty
Package: enumitem 2025/02/06 v3.11 Customized lists
\labelindent=\skip57
\enit@outerparindent=\dimen181
\enit@toks=\toks22
\enit@inbox=\box60
\enit@count@id=\count307
\enitdp@description=\count308
) (C:\Users\AnThiwn\AppData\Local\Programs\MiKTeX\tex/latex/fvextra\fvextra.sty
Package: fvextra 2026/02/25 v1.14.0 fvextra - extensions and patches for fancyv
rb

(C:\Users\AnThiwn\AppData\Local\Programs\MiKTeX\tex/latex/etoolbox\etoolbox.sty
Package: etoolbox 2025/10/02 v2.5m e-TeX tools for LaTeX (JAW)
\etb@tempcnta=\count309
)
(C:\Users\AnThiwn\AppData\Local\Programs\MiKTeX\tex/latex/fancyvrb\fancyvrb.sty
Package: fancyvrb 2026/04/16 4.6a verbatim text (tvz,hv)
\FV@CodeLineNo=\count310
\FV@InFile=\read2
\FV@TabBox=\box61
\c@FancyVerbLine=\count311
\FV@StepNumber=\count312
\FV@OutFile=\write3
) (C:\Users\AnThiwn\AppData\Local\Programs\MiKTeX\tex/latex/upquote\upquote.sty
Package: upquote 2012/04/19 v1.3 upright-quote and grave-accent glyphs in verba
tim
(C:\Users\AnThiwn\AppData\Local\Programs\MiKTeX\tex/latex/base\textcomp.sty
Package: textcomp 2024/04/24 v2.1b Standard LaTeX package
))
(C:\Users\AnThiwn\AppData\Local\Programs\MiKTeX\tex/latex/lineno\lineno.sty
Package: lineno 2026/03/08 line numbers on paragraphs v5.9

(C:\Users\AnThiwn\AppData\Local\Programs\MiKTeX\tex/latex/kvoptions\kvoptions.s
ty
Package: kvoptions 2022-06-15 v3.15 Key value format for package options (HO)

(C:\Users\AnThiwn\AppData\Local\Programs\MiKTeX\tex/generic/ltxcmds\ltxcmds.sty
Package: ltxcmds 2023-12-04 v1.26 LaTeX kernel commands for general use (HO)
)
(C:\Users\AnThiwn\AppData\Local\Programs\MiKTeX\tex/latex/kvsetkeys\kvsetkeys.s
ty
Package: kvsetkeys 2022-10-05 v1.19 Key value parser (HO)
))
\linenopenalty=\count313
\output=\toks23
\linenoprevgraf=\count314
\linenumbersep=\dimen182
\linenumberwidth=\dimen183
\c@linenumber=\count315
\c@pagewiselinenumber=\count316
\c@LN@truepage=\count317
\c@internallinenumber=\count318
\c@internallinenumbers=\count319
\quotelinenumbersep=\dimen184
\bframerule=\dimen185
\bframesep=\dimen186
\bframebox=\box62
)
\c@FancyVerbWriteLine=\count320
\c@FancyVerbBufferLine=\count321
\c@FV@TrueTabGroupLevel=\count322
\c@FV@TrueTabCounter=\count323
\FV@TabBox@Group=\box63
\FV@bgcolorstructbox=\box64
\FV@TmpLength=\skip58
\c@FV@HighlightLinesStart=\count324
\c@FV@HighlightLinesStop=\count325
\FV@LoopCount=\count326
\FV@NCharsBox=\box65
\FV@BreakIndent=\dimen187
\FV@BreakIndentNChars=\count327
\FV@BreakSymbolSepLeft=\dimen188
\FV@BreakSymbolSepLeftNChars=\count328
\FV@BreakSymbolSepRight=\dimen189
\FV@BreakSymbolSepRightNChars=\count329
\FV@BreakSymbolIndentLeft=\dimen190
\FV@BreakSymbolIndentLeftNChars=\count330
\FV@BreakSymbolIndentRight=\dimen191
\FV@BreakSymbolIndentRightNChars=\count331
\c@FancyVerbLineBreakLast=\count332
\FV@LineBox=\box66
\FV@LineIndentBox=\box67
\c@FV@BreakBufferDepth=\count333
\FV@LineWidth=\dimen192
)
(C:\Users\AnThiwn\AppData\Local\Programs\MiKTeX\tex/latex/xcolor\xcolor.sty
Package: xcolor 2024/09/29 v3.02 LaTeX color extensions (UK)

(C:\Users\AnThiwn\AppData\Local\Programs\MiKTeX\tex/latex/graphics-cfg\color.cf
g
File: color.cfg 2016/01/02 v1.6 sample color configuration
)
Package xcolor Info: Driver file: xetex.def on input line 274.

(C:\Users\AnThiwn\AppData\Local\Programs\MiKTeX\tex/latex/graphics-def\xetex.de
f
File: xetex.def 2025/11/01 v5.0p Graphics/color driver for xetex
)
(C:\Users\AnThiwn\AppData\Local\Programs\MiKTeX\tex/latex/graphics\mathcolor.lt
x)
Package xcolor Info: Model `cmy' substituted by `cmy0' on input line 1349.
Package xcolor Info: Model `RGB' extended on input line 1365.
Package xcolor Info: Model `HTML' substituted by `rgb' on input line 1367.
Package xcolor Info: Model `Hsb' substituted by `hsb' on input line 1368.
Package xcolor Info: Model `tHsb' substituted by `hsb' on input line 1369.
Package xcolor Info: Model `HSB' substituted by `hsb' on input line 1370.
Package xcolor Info: Model `Gray' substituted by `gray' on input line 1371.
Package xcolor Info: Model `wave' substituted by `hsb' on input line 1372.
)
(C:\Users\AnThiwn\AppData\Local\Programs\MiKTeX\tex/latex/hyperref\hyperref.sty
Package: hyperref 2025-07-12 v7.01o Hypertext links for LaTeX

(C:\Users\AnThiwn\AppData\Local\Programs\MiKTeX\tex/generic/kvdefinekeys\kvdefi
nekeys.sty
Package: kvdefinekeys 2019-12-19 v1.6 Define keys (HO)
)
(C:\Users\AnThiwn\AppData\Local\Programs\MiKTeX\tex/generic/pdfescape\pdfescape
.sty
Package: pdfescape 2019/12/09 v1.15 Implements pdfTeX's escape features (HO)

(C:\Users\AnThiwn\AppData\Local\Programs\MiKTeX\tex/generic/pdftexcmds\pdftexcm
ds.sty
Package: pdftexcmds 2020-06-27 v0.33 Utility functions of pdfTeX for LuaTeX (HO
)

(C:\Users\AnThiwn\AppData\Local\Programs\MiKTeX\tex/generic/infwarerr\infwarerr
.sty
Package: infwarerr 2019/12/03 v1.5 Providing info/warning/error messages (HO)
)
Package pdftexcmds Info: \pdf@primitive is available.
Package pdftexcmds Info: \pdf@ifprimitive is available.
Package pdftexcmds Info: \pdfdraftmode not found.
))
(C:\Users\AnThiwn\AppData\Local\Programs\MiKTeX\tex/latex/hycolor\hycolor.sty
Package: hycolor 2020-01-27 v1.10 Color options for hyperref/bookmark (HO)
)
(C:\Users\AnThiwn\AppData\Local\Programs\MiKTeX\tex/latex/hyperref\nameref.sty
Package: nameref 2025-06-21 v2.57 Cross-referencing by name of section

(C:\Users\AnThiwn\AppData\Local\Programs\MiKTeX\tex/latex/refcount\refcount.sty
Package: refcount 2019/12/15 v3.6 Data extraction from label references (HO)
)
(C:\Users\AnThiwn\AppData\Local\Programs\MiKTeX\tex/generic/gettitlestring\gett
itlestring.sty
Package: gettitlestring 2019/12/15 v1.6 Cleanup title references (HO)
)
\c@section@level=\count334
)
(C:\Users\AnThiwn\AppData\Local\Programs\MiKTeX\tex/generic/stringenc\stringenc
.sty
Package: stringenc 2019/11/29 v1.12 Convert strings between diff. encodings (HO
)
)
\@linkdim=\dimen193
\Hy@linkcounter=\count335
\Hy@pagecounter=\count336

(C:\Users\AnThiwn\AppData\Local\Programs\MiKTeX\tex/latex/hyperref\pd1enc.def
File: pd1enc.def 2025-07-12 v7.01o Hyperref: PDFDocEncoding definition (HO)
)
(C:\Users\AnThiwn\AppData\Local\Programs\MiKTeX\tex/generic/intcalc\intcalc.sty
Package: intcalc 2019/12/15 v1.3 Expandable calculations with integers (HO)
)
\Hy@SavedSpaceFactor=\count337
 (C:\Users\AnThiwn\AppData\Local\Programs\MiKTeX\tex/latex/hyperref\puenc.def
File: puenc.def 2025-07-12 v7.01o Hyperref: PDF Unicode definition (HO)
)
Package hyperref Info: Hyper figures OFF on input line 4195.
Package hyperref Info: Link nesting OFF on input line 4200.
Package hyperref Info: Hyper index ON on input line 4203.
Package hyperref Info: Plain pages OFF on input line 4210.
Package hyperref Info: Backreferencing OFF on input line 4215.
Package hyperref Info: Implicit mode ON; LaTeX internals redefined.
Package hyperref Info: Bookmarks ON on input line 4462.
\c@Hy@tempcnt=\count338
(C:\Users\AnThiwn\AppData\Local\Programs\MiKTeX\tex/latex/url\url.sty
\Urlmuskip=\muskip17
Package: url 2013/09/16  ver 3.4  Verb mode for urls, etc.
)
LaTeX Info: Redefining \url on input line 4801.
\XeTeXLinkMargin=\dimen194

(C:\Users\AnThiwn\AppData\Local\Programs\MiKTeX\tex/generic/bitset\bitset.sty
Package: bitset 2019/12/09 v1.3 Handle bit-vector datatype (HO)

(C:\Users\AnThiwn\AppData\Local\Programs\MiKTeX\tex/generic/bigintcalc\bigintca
lc.sty
Package: bigintcalc 2019/12/15 v1.5 Expandable calculations on big integers (HO
)
))
\Fld@menulength=\count339
\Field@Width=\dimen195
\Fld@charsize=\dimen196
Package hyperref Info: Hyper figures OFF on input line 6078.
Package hyperref Info: Link nesting OFF on input line 6083.
Package hyperref Info: Hyper index ON on input line 6086.
Package hyperref Info: backreferencing OFF on input line 6093.
Package hyperref Info: Link coloring OFF on input line 6098.
Package hyperref Info: Link coloring with OCG OFF on input line 6103.
Package hyperref Info: PDF/A mode OFF on input line 6108.
\Hy@abspage=\count340
\c@Item=\count341
\c@Hfootnote=\count342
)
Package hyperref Info: Driver (autodetected): hxetex.

(C:\Users\AnThiwn\AppData\Local\Programs\MiKTeX\tex/latex/hyperref\hxetex.def
File: hxetex.def 2025-07-12 v7.01o Hyperref driver for XeTeX
\pdfm@box=\box68
\c@Hy@AnnotLevel=\count343
\HyField@AnnotCount=\count344
\Fld@listcount=\count345
\c@bookmark@seq@number=\count346

(C:\Users\AnThiwn\AppData\Local\Programs\MiKTeX\tex/latex/rerunfilecheck\rerunf
ilecheck.sty
Package: rerunfilecheck 2025-06-21 v1.11 Rerun checks for auxiliary files (HO)

(C:\Users\AnThiwn\AppData\Local\Programs\MiKTeX\tex/generic/uniquecounter\uniqu
ecounter.sty
Package: uniquecounter 2019/12/15 v1.4 Provide unlimited unique counter (HO)
)
Package uniquecounter Info: New unique counter `rerunfilecheck' on input line 2
84.
)
\Hy@SectionHShift=\skip59
)
Package hyperref Info: Option `colorlinks' set `true' on input line 32.
 (bao-cao-hoan-chinh.aux)
\openout1 = `bao-cao-hoan-chinh.aux'.

LaTeX Font Info:    Checking defaults for OML/cmm/m/it on input line 38.
LaTeX Font Info:    ... okay on input line 38.
LaTeX Font Info:    Checking defaults for OMS/cmsy/m/n on input line 38.
LaTeX Font Info:    ... okay on input line 38.
LaTeX Font Info:    Checking defaults for OT1/cmr/m/n on input line 38.
LaTeX Font Info:    ... okay on input line 38.
LaTeX Font Info:    Checking defaults for T1/cmr/m/n on input line 38.
LaTeX Font Info:    ... okay on input line 38.
LaTeX Font Info:    Checking defaults for TS1/cmr/m/n on input line 38.
LaTeX Font Info:    ... okay on input line 38.
LaTeX Font Info:    Checking defaults for TU/lmr/m/n on input line 38.
LaTeX Font Info:    ... okay on input line 38.
LaTeX Font Info:    Checking defaults for OMX/cmex/m/n on input line 38.
LaTeX Font Info:    ... okay on input line 38.
LaTeX Font Info:    Checking defaults for U/cmr/m/n on input line 38.
LaTeX Font Info:    ... okay on input line 38.
LaTeX Font Info:    Checking defaults for PD1/pdf/m/n on input line 38.
LaTeX Font Info:    ... okay on input line 38.
LaTeX Font Info:    Checking defaults for PU/pdf/m/n on input line 38.
LaTeX Font Info:    ... okay on input line 38.

Package fontspec Info: 
(fontspec)             Adjusting the maths setup (use [no-math] to avoid
(fontspec)             this).

\symlegacymaths=\mathgroup4
LaTeX Font Info:    Overwriting symbol font `legacymaths' in version `bold'
(Font)                  OT1/cmr/m/n --> OT1/cmr/bx/n on input line 38.
LaTeX Font Info:    Redeclaring math accent \acute on input line 38.
LaTeX Font Info:    Redeclaring math accent \grave on input line 38.
LaTeX Font Info:    Redeclaring math accent \ddot on input line 38.
LaTeX Font Info:    Redeclaring math accent \tilde on input line 38.
LaTeX Font Info:    Redeclaring math accent \bar on input line 38.
LaTeX Font Info:    Redeclaring math accent \breve on input line 38.
LaTeX Font Info:    Redeclaring math accent \check on input line 38.
LaTeX Font Info:    Redeclaring math accent \hat on input line 38.
LaTeX Font Info:    Redeclaring math accent \dot on input line 38.
LaTeX Font Info:    Redeclaring math accent \mathring on input line 38.
LaTeX Font Info:    Redeclaring math symbol \colon on input line 38.
LaTeX Font Info:    Redeclaring math symbol \Gamma on input line 38.
LaTeX Font Info:    Redeclaring math symbol \Delta on input line 38.
LaTeX Font Info:    Redeclaring math symbol \Theta on input line 38.
LaTeX Font Info:    Redeclaring math symbol \Lambda on input line 38.
LaTeX Font Info:    Redeclaring math symbol \Xi on input line 38.
LaTeX Font Info:    Redeclaring math symbol \Pi on input line 38.
LaTeX Font Info:    Redeclaring math symbol \Sigma on input line 38.
LaTeX Font Info:    Redeclaring math symbol \Upsilon on input line 38.
LaTeX Font Info:    Redeclaring math symbol \Phi on input line 38.
LaTeX Font Info:    Redeclaring math symbol \Psi on input line 38.
LaTeX Font Info:    Redeclaring math symbol \Omega on input line 38.
LaTeX Font Info:    Redeclaring math symbol \mathdollar on input line 38.
LaTeX Font Info:    Redeclaring symbol font `operators' on input line 38.
LaTeX Font Info:    Encoding `OT1' has changed to `TU' for symbol font
(Font)              `operators' in the math version `normal' on input line 38.
LaTeX Font Info:    Overwriting symbol font `operators' in version `normal'
(Font)                  OT1/cmr/m/n --> TU/TimesNewRoman(0)/m/n on input line 3
8.
LaTeX Font Info:    Encoding `OT1' has changed to `TU' for symbol font
(Font)              `operators' in the math version `bold' on input line 38.
LaTeX Font Info:    Overwriting symbol font `operators' in version `bold'
(Font)                  OT1/cmr/bx/n --> TU/TimesNewRoman(0)/m/n on input line 
38.
LaTeX Font Info:    Overwriting symbol font `operators' in version `normal'
(Font)                  TU/TimesNewRoman(0)/m/n --> TU/TimesNewRoman(0)/m/n on 
input line 38.
LaTeX Font Info:    Overwriting math alphabet `\mathit' in version `normal'
(Font)                  OT1/cmr/m/it --> TU/TimesNewRoman(0)/m/it on input line
 38.
LaTeX Font Info:    Overwriting math alphabet `\mathbf' in version `normal'
(Font)                  OT1/cmr/bx/n --> TU/TimesNewRoman(0)/b/n on input line 
38.
LaTeX Font Info:    Overwriting math alphabet `\mathsf' in version `normal'
(Font)                  OT1/cmss/m/n --> TU/lmss/m/n on input line 38.
LaTeX Font Info:    Overwriting math alphabet `\mathtt' in version `normal'
(Font)                  OT1/cmtt/m/n --> TU/Consolas(0)/m/n on input line 38.
LaTeX Font Info:    Overwriting symbol font `operators' in version `bold'
(Font)                  TU/TimesNewRoman(0)/m/n --> TU/TimesNewRoman(0)/b/n on 
input line 38.
LaTeX Font Info:    Overwriting math alphabet `\mathit' in version `bold'
(Font)                  OT1/cmr/bx/it --> TU/TimesNewRoman(0)/b/it on input lin
e 38.
LaTeX Font Info:    Overwriting math alphabet `\mathsf' in version `bold'
(Font)                  OT1/cmss/bx/n --> TU/lmss/b/n on input line 38.
LaTeX Font Info:    Overwriting math alphabet `\mathtt' in version `bold'
(Font)                  OT1/cmtt/m/n --> TU/Consolas(0)/b/n on input line 38.

*geometry* driver: auto-detecting
*geometry* detected driver: xetex
*geometry* verbose mode - [ preamble ] result:
* driver: xetex
* paper: a4paper
* layout: <same size as paper>
* layoutoffset:(h,v)=(0.0pt,0.0pt)
* modes: 
* h-part:(L,W,R)=(85.35826pt, 455.24411pt, 56.9055pt)
* v-part:(T,H,B)=(71.13188pt, 702.78308pt, 71.13188pt)
* \paperwidth=597.50787pt
* \paperheight=845.04684pt
* \textwidth=455.24411pt
* \textheight=702.78308pt
* \oddsidemargin=13.08827pt
* \evensidemargin=13.08827pt
* \topmargin=-38.1381pt
* \headheight=12.0pt
* \headsep=25.0pt
* \topskip=12.0pt
* \footskip=30.0pt
* \marginparwidth=35.0pt
* \marginparsep=10.0pt
* \columnsep=10.0pt
* \skip\footins=10.8pt plus 4.0pt minus 2.0pt
* \hoffset=0.0pt
* \voffset=0.0pt
* \mag=1000
* \@twocolumnfalse
* \@twosidefalse
* \@mparswitchfalse
* \@reversemarginfalse
* (1in=72.27pt=25.4mm, 1cm=28.453pt)

Package hyperref Info: Link coloring ON on input line 38.
(bao-cao-hoan-chinh.out) (bao-cao-hoan-chinh.out)
\@outlinefile=\write4
\openout4 = `bao-cao-hoan-chinh.out'.

LaTeX Font Info:    External font `cmex10' loaded for size
(Font)              <12> on input line 45.
LaTeX Font Info:    External font `cmex10' loaded for size
(Font)              <8> on input line 45.
LaTeX Font Info:    External font `cmex10' loaded for size
(Font)              <6> on input line 45.
 [1

] (bao-cao-hoan-chinh.toc
[1

] [2] [3] [4])
\tf@toc=\write5
\openout5 = `bao-cao-hoan-chinh.toc'.

 [5]
Chương 1.
[6


]
ignored error: Infinite glue shrinkage found in box being split [7] [8]
[9]
Chương 2.
ignored error: Infinite glue shrinkage found in box being split [10


]
ignored error: Infinite glue shrinkage found in box being split [11]
Overfull \hbox (7.7659pt too wide) in alignment at lines 296--299
 [] [] [] [] [] 
 []


Overfull \hbox (7.7659pt too wide) in alignment at lines 299--302
 [] [] [] [] [] 
 []


Overfull \hbox (3.82893pt too wide) in paragraph at lines 303--303
\TU/Consolas(0)/m/n/12 services.json|  
 []


Overfull \hbox (10.42659pt too wide) in paragraph at lines 305--305
\TU/Consolas(0)/m/n/12 GEMINI_API_KEY 
 []


Overfull \hbox (23.6219pt too wide) in paragraph at lines 305--305
\TU/Consolas(0)/m/n/12 local.properties|  
 []


Overfull \hbox (7.7659pt too wide) in alignment at lines 302--309
 [] [] [] [] [] 
 []

ignored error: Infinite glue shrinkage found in box being split [12]
Overfull \hbox (4.60071pt too wide) in paragraph at lines 335--336
[]\TU/TimesNewRoman(0)/m/n/12 Không commit file nhạy cảm như \TU/Consolas(0)/m/
n/12 local.properties\TU/TimesNewRoman(0)/m/n/12 , \TU/Consolas(0)/m/n/12 .env\
TU/TimesNewRoman(0)/m/n/12 , keystore, mật khẩu SMTP. 
 []

[13] [14]
Chương 3.
[15


]
ignored error: Infinite glue shrinkage found in box being split [16]
ignored error: Infinite glue shrinkage found in box being split [17] [18]
ignored error: Infinite glue shrinkage found in box being split [19] [20]
[21]
Chương 4.
[22


]
Overfull \hbox (33.57562pt too wide) in paragraph at lines 607--607
[]|\TU/TimesNewRoman(0)/m/n/12 GeminiScheduleExtractor|  
 []


Overfull \hbox (25.39616pt too wide) in paragraph at lines 607--607
\TU/Consolas(0)/m/n/12 GeminiScheduleExtractor.java|  
 []

[23] [24]
Overfull \hbox (5.6032pt too wide) in paragraph at lines 744--744
[]|\TU/Consolas(0)/m/n/12 screen_reset_password.xml|  
 []

ignored error: Infinite glue shrinkage found in box being split [25] [26]
[27] [28]
Chương 5.

Overfull \hbox (14.51508pt too wide) in paragraph at lines 906--906
[]|\TU/Consolas(0)/m/n/12 study_planner.db 
 []


Overfull \hbox (60.69867pt too wide) in paragraph at lines 906--906
\TU/Consolas(0)/m/n/12 study_planner_<hash>.db|  
 []

[29


] [30]
Overfull \hbox (7.7659pt too wide) in alignment at lines 980--983
 [] [] [] [] [] 
 []


Overfull \hbox (7.7659pt too wide) in alignment at lines 983--986
 [] [] [] [] [] 
 []


Overfull \hbox (35.69241pt too wide) in paragraph at lines 989--989
[]|\TU/Consolas(0)/m/n/12 password_hash|  
 []


Overfull \hbox (2.70413pt too wide) in paragraph at lines 991--991
[]|\TU/Consolas(0)/m/n/12 verified|  
 []


Overfull \hbox (15.89944pt too wide) in paragraph at lines 992--992
[]|\TU/Consolas(0)/m/n/12 created_at|  
 []


Overfull \hbox (15.89944pt too wide) in paragraph at lines 993--993
[]|\TU/Consolas(0)/m/n/12 updated_at|  
 []


Overfull \hbox (7.7659pt too wide) in alignment at lines 986--994
 [] [] [] [] [] 
 []


Overfull \hbox (7.7659pt too wide) in alignment at lines 1006--1009
 [] [] [] [] [] 
 []


Overfull \hbox (7.7659pt too wide) in alignment at lines 1009--1012
 [] [] [] [] [] 
 []


Overfull \hbox (9.30179pt too wide) in paragraph at lines 1015--1015
[]|\TU/Consolas(0)/m/n/12 code_hash|  
 []


Overfull \hbox (15.89944pt too wide) in paragraph at lines 1016--1016
[]|\TU/Consolas(0)/m/n/12 expires_at|  
 []


Overfull \hbox (15.89944pt too wide) in paragraph at lines 1017--1017
[]|\TU/Consolas(0)/m/n/12 created_at|  
 []


Overfull \hbox (2.70413pt too wide) in paragraph at lines 1018--1018
[]|\TU/Consolas(0)/m/n/12 attempts|  
 []


Overfull \hbox (7.7659pt too wide) in alignment at lines 1012--1019
 [] [] [] [] [] 
 []

ignored error: Infinite glue shrinkage found in box being split [31]
Overfull \hbox (7.7659pt too wide) in alignment at lines 1033--1036
 [] [] [] [] [] 
 []


Overfull \hbox (7.7659pt too wide) in alignment at lines 1036--1039
 [] [] [] [] [] 
 []


Overfull \hbox (7.7659pt too wide) in alignment at lines 1039--1044
 [] [] [] [] [] 
 []


Overfull \hbox (7.7659pt too wide) in alignment at lines 1048--1051
 [] [] [] [] [] 
 []


Overfull \hbox (7.7659pt too wide) in alignment at lines 1051--1054
 [] [] [] [] [] 
 []


Overfull \hbox (2.70413pt too wide) in paragraph at lines 1059--1059
[]|\TU/Consolas(0)/m/n/12 priority|  
 []


Overfull \hbox (9.30179pt too wide) in paragraph at lines 1061--1061
[]|\TU/Consolas(0)/m/n/12 completed|  
 []


Overfull \hbox (9.30179pt too wide) in paragraph at lines 1062--1062
[]|\TU/Consolas(0)/m/n/12 important|  
 []


Overfull \hbox (35.69241pt too wide) in paragraph at lines 1065--1065
[]|\TU/Consolas(0)/m/n/12 reminder_time|  
 []


Overfull \hbox (35.69241pt too wide) in paragraph at lines 1066--1066
[]|\TU/Consolas(0)/m/n/12 repeat_option|  
 []


Overfull \hbox (68.6807pt too wide) in paragraph at lines 1067--1067
[]|\TU/Consolas(0)/m/n/12 estimated_pomodoro|  
 []


Overfull \hbox (75.27835pt too wide) in paragraph at lines 1068--1068
[]|\TU/Consolas(0)/m/n/12 completed_pomodoros|  
 []


Overfull \hbox (22.4971pt too wide) in paragraph at lines 1069--1069
[]|\TU/Consolas(0)/m/n/12 marker_type|  
 []


Overfull \hbox (29.09476pt too wide) in paragraph at lines 1070--1070
[]|\TU/Consolas(0)/m/n/12 marker_value|  
 []


Overfull \hbox (7.7659pt too wide) in alignment at lines 1054--1071
 [] [] [] [] [] 
 []

ignored error: Infinite glue shrinkage found in box being split [32]
Overfull \hbox (7.7659pt too wide) in alignment at lines 1081--1084
 [] [] [] [] [] 
 []


Overfull \hbox (7.7659pt too wide) in alignment at lines 1084--1087
 [] [] [] [] [] 
 []


Overfull \hbox (2.70413pt too wide) in paragraph at lines 1092--1092
[]|\TU/Consolas(0)/m/n/12 start_at|  
 []


Overfull \hbox (55.48538pt too wide) in paragraph at lines 1096--1096
[]|\TU/Consolas(0)/m/n/12 reminder_enabled|  
 []


Overfull \hbox (101.66898pt too wide) in paragraph at lines 1097--1097
[]|\TU/Consolas(0)/m/n/12 reminder_before_minutes|  
 []


Overfull \hbox (7.7659pt too wide) in alignment at lines 1087--1098
 [] [] [] [] [] 
 []

[33]
Overfull \hbox (7.7659pt too wide) in alignment at lines 1115--1118
 [] [] [] [] [] 
 []


Overfull \hbox (7.7659pt too wide) in alignment at lines 1118--1121
 [] [] [] [] [] 
 []


Overfull \hbox (2.70413pt too wide) in paragraph at lines 1124--1124
[]|\TU/Consolas(0)/m/n/12 sessions|  
 []


Overfull \hbox (7.7659pt too wide) in alignment at lines 1121--1125
 [] [] [] [] [] 
 []


Overfull \hbox (7.7659pt too wide) in alignment at lines 1129--1132
 [] [] [] [] [] 
 []


Overfull \hbox (7.7659pt too wide) in alignment at lines 1132--1135
 [] [] [] [] [] 
 []


Overfull \hbox (2.70413pt too wide) in paragraph at lines 1138--1138
[]|\TU/Consolas(0)/m/n/12 sessions|  
 []


Overfull \hbox (7.7659pt too wide) in alignment at lines 1135--1139
 [] [] [] [] [] 
 []


Overfull \hbox (7.7659pt too wide) in alignment at lines 1143--1146
 [] [] [] [] [] 
 []


Overfull \hbox (7.7659pt too wide) in alignment at lines 1146--1149
 [] [] [] [] [] 
 []


Overfull \hbox (22.4971pt too wide) in paragraph at lines 1152--1152
[]|\TU/Consolas(0)/m/n/12 subject_tag|  
 []


Overfull \hbox (55.48538pt too wide) in paragraph at lines 1154--1154
[]|\TU/Consolas(0)/m/n/12 duration_minutes|  
 []


Overfull \hbox (62.08304pt too wide) in paragraph at lines 1155--1155
[]|\TU/Consolas(0)/m/n/12 completed_minutes|  
 []


Overfull \hbox (15.89944pt too wide) in paragraph at lines 1156--1156
[]|\TU/Consolas(0)/m/n/12 started_at|  
 []


Overfull \hbox (2.70413pt too wide) in paragraph at lines 1157--1157
[]|\TU/Consolas(0)/m/n/12 ended_at|  
 []


Overfull \hbox (29.09476pt too wide) in paragraph at lines 1158--1158
[]|\TU/Consolas(0)/m/n/12 is_completed|  
 []


Overfull \hbox (15.89944pt too wide) in paragraph at lines 1159--1159
[]|\TU/Consolas(0)/m/n/12 sound_type|  
 []


Overfull \hbox (15.89944pt too wide) in paragraph at lines 1160--1160
[]|\TU/Consolas(0)/m/n/12 created_at|  
 []


Overfull \hbox (7.7659pt too wide) in alignment at lines 1149--1161
 [] [] [] [] [] 
 []

ignored error: Infinite glue shrinkage found in box being split [34]
Overfull \hbox (7.7659pt too wide) in alignment at lines 1165--1168
 [] [] [] [] [] 
 []


Overfull \hbox (7.7659pt too wide) in alignment at lines 1168--1171
 [] [] [] [] [] 
 []


Overfull \hbox (7.7659pt too wide) in alignment at lines 1171--1174
 [] [] [] [] [] 
 []


Overfull \hbox (4.48534pt too wide) in paragraph at lines 1209--1209
[]|\TU/Consolas(0)/m/n/12 dashboard_background|  
 []

[35] [36]
Chương 6.
[37


] [38]
Overfull \hbox (29.25882pt too wide) in alignment at lines 1358--1361
 [] [] [] [] [] [] 
 []


Overfull \hbox (29.25882pt too wide) in alignment at lines 1361--1364
 [] [] [] [] [] [] 
 []


Overfull \hbox (4.29039pt too wide) in paragraph at lines 1365--1365
\TU/Consolas(0)/m/n/12 gradlew.bat 
 []


Overfull \hbox (50.47398pt too wide) in paragraph at lines 1365--1365
\TU/Consolas(0)/m/n/12 :app:assembleDebug|  
 []


Overfull \hbox (24.08336pt too wide) in paragraph at lines 1395--1395
[]|\TU/Consolas(0)/m/n/12 GEMINI_API_KEY 
 []


Overfull \hbox (29.25882pt too wide) in alignment at lines 1364--1403
 [] [] [] [] [] [] 
 []

ignored error: Infinite glue shrinkage found in box being split [39]
ignored error: Infinite glue shrinkage found in box being split [40]
ignored error: Infinite glue shrinkage found in box being split [41]
Overfull \hbox (1.0277pt too wide) in paragraph at lines 1407--1407
[]\TU/TimesNewRoman(0)/b/n/14.4 BUG-01: Google Sign-In Báo Không Hoàn Tất Do Sa
i SHA-1/ OAuth 
 []


Overfull \hbox (107.0126pt too wide) in paragraph at lines 1423--1423
[]|\TU/Consolas(0)/m/n/12 24:46:D4:63:C7:3C:AF:03:64:4D:FE:10:9F:F4:5A:43:3D:0C
:36:40|  
 []

ignored error: Infinite glue shrinkage found in box being split [42] [43]
Chương 7.
[44


]
LaTeX Font Info:    External font `cmex10' loaded for size
(Font)              <7> on input line 1526.
LaTeX Font Info:    External font `cmex10' loaded for size
(Font)              <5> on input line 1526.
 [45] [46] [47] [48] [49]
Chương 8.
[50


] [51] [52] [53] [54] [55] [56]
Chương 9.
[57


]
Overfull \hbox (4.48534pt too wide) in paragraph at lines 2177--2177
[]|\TU/Consolas(0)/m/n/12 StudyRepository.java|  
 []


Overfull \hbox (57.26659pt too wide) in paragraph at lines 2178--2178
[]|\TU/Consolas(0)/m/n/12 GeminiScheduleExtractor.java|  
 []

[58]
Overfull \hbox (4.48534pt too wide) in paragraph at lines 2194--2194
[]|\TU/Consolas(0)/m/n/12 PomodoroSession.java|  
 []


Overfull \hbox (11.083pt too wide) in paragraph at lines 2206--2206
[]|\TU/Consolas(0)/m/n/12 StudyPaperLayout.java|  
 []


Overfull \hbox (11.083pt too wide) in paragraph at lines 2207--2207
[]|\TU/Consolas(0)/m/n/12 WeekCalendarView.java|  
 []


Overfull \hbox (17.68065pt too wide) in paragraph at lines 2208--2208
[]|\TU/Consolas(0)/m/n/12 SwipeActionLayout.java|  
 []


Overfull \hbox (50.66893pt too wide) in paragraph at lines 2210--2210
[]|\TU/Consolas(0)/m/n/12 ComparisonBarChartView.java|  
 []

[59] [60] [61]
ignored error: Infinite glue shrinkage found in box being split [62] [63]
(bao-cao-hoan-chinh.aux)
 ***********
LaTeX2e <2025-11-01>
L3 programming layer <2025-12-24>
 ***********
Package rerunfilecheck Info: File `bao-cao-hoan-chinh.out' has not changed.
(rerunfilecheck)             Checksum: 566D5291F8C772C2787AAA55E597C082;25678.
 ) 
Here is how much of TeX's memory you used:
 13513 strings out of 402987
 265203 string characters out of 5448110
 830939 words of memory out of 5000000
 42077 multiletter control sequences out of 15000+600000
 631169 words of font info for 94 fonts, out of 8000000 for 9000
 1348 hyphenation exceptions out of 8191
 73i,8n,93p,458b,720s stack positions out of 10000i,1000n,20000p,200000b,200000s

Output written on bao-cao-hoan-chinh.pdf (64 pages).
