\BOOKMARK [0][-]{chapter.1}{\376\377\001\020\036\301\000\040\000C\001\260\001\241\000n\000g\000\040\000D\036\361\000\040\000\301\000n}{}% 1
\BOOKMARK [1][-]{section.1.1}{\376\377\000T\000h\000\364\000n\000g\000\040\000T\000i\000n\000\040\000C\000h\000u\000n\000g}{chapter.1}% 2
\BOOKMARK [1][-]{section.1.2}{\376\377\000L\000\375\000\040\000D\000o\000\040\000T\000h\036\361\000c\000\040\000H\000i\036\307\000n}{chapter.1}% 3
\BOOKMARK [1][-]{section.1.3}{\376\377\000M\036\345\000c\000\040\000T\000i\000\352\000u\000\040\000D\036\361\000\040\000\301\000n}{chapter.1}% 4
\BOOKMARK [1][-]{section.1.4}{\376\377\000P\000h\036\241\000m\000\040\000V\000i\000\040\000D\036\361\000\040\000\301\000n}{chapter.1}% 5
\BOOKMARK [2][-]{subsection.1.4.1}{\376\377\000T\000r\000o\000n\000g\000\040\000P\000h\036\241\000m\000\040\000V\000i}{section.1.4}% 6
\BOOKMARK [2][-]{subsection.1.4.2}{\376\377\000N\000g\000o\000\340\000i\000\040\000P\000h\036\241\000m\000\040\000V\000i}{section.1.4}% 7
\BOOKMARK [1][-]{section.1.5}{\376\377\001\020\036\321\000i\000\040\000T\001\260\036\343\000n\000g\000\040\000S\036\355\000\040\000D\036\345\000n\000g}{chapter.1}% 8
\BOOKMARK [1][-]{section.1.6}{\376\377\000L\036\343\000i\000\040\000\315\000c\000h\000\040\000K\036\363\000\040\000V\036\315\000n\000g}{chapter.1}% 9
\BOOKMARK [1][-]{section.1.7}{\376\377\000R\000\340\000n\000g\000\040\000B\000u\036\331\000c\000\040\000V\000\340\000\040\000G\000i\036\243\000\040\001\020\036\313\000n\000h}{chapter.1}% 10
\BOOKMARK [2][-]{subsection.1.7.1}{\376\377\000R\000\340\000n\000g\000\040\000B\000u\036\331\000c}{section.1.7}% 11
\BOOKMARK [2][-]{subsection.1.7.2}{\376\377\000G\000i\036\243\000\040\001\020\036\313\000n\000h}{section.1.7}% 12
\BOOKMARK [1][-]{section.1.8}{\376\377\000S\036\243\000n\000\040\000P\000h\036\251\000m\000\040\000B\000\340\000n\000\040\000G\000i\000a\000o}{chapter.1}% 13
\BOOKMARK [1][-]{section.1.9}{\376\377\000T\000i\000\352\000u\000\040\000C\000h\000\355\000\040\000T\000h\000\340\000n\000h\000\040\000C\000\364\000n\000g}{chapter.1}% 14
\BOOKMARK [0][-]{chapter.2}{\376\377\000K\036\277\000\040\000H\000o\036\241\000c\000h\000\040\000D\036\361\000\040\000\301\000n}{}% 15
\BOOKMARK [1][-]{section.2.1}{\376\377\000M\036\345\000c\000\040\001\020\000\355\000c\000h}{chapter.2}% 16
\BOOKMARK [1][-]{section.2.2}{\376\377\000P\000h\036\241\000m\000\040\000V\000i\000\040\000C\000\364\000n\000g\000\040\000V\000i\036\307\000c}{chapter.2}% 17
\BOOKMARK [1][-]{section.2.3}{\376\377\000N\000h\000\342\000n\000\040\000S\036\361\000\040\000V\000\340\000\040\000V\000a\000i\000\040\000T\000r\000\362}{chapter.2}% 18
\BOOKMARK [1][-]{section.2.4}{\376\377\000C\000\364\000n\000g\000\040\000C\036\345\000\040\000S\036\355\000\040\000D\036\345\000n\000g}{chapter.2}% 19
\BOOKMARK [1][-]{section.2.5}{\376\377\000T\000i\036\277\000n\000\040\001\020\036\331\000\040\000D\036\361\000\040\000K\000i\036\277\000n}{chapter.2}% 20
\BOOKMARK [1][-]{section.2.6}{\376\377\000M\036\321\000c\000\040\000T\000h\036\335\000i\000\040\000G\000i\000a\000n}{chapter.2}% 21
\BOOKMARK [1][-]{section.2.7}{\376\377\000R\036\347\000i\000\040\000R\000o\000\040\000D\036\361\000\040\000\301\000n}{chapter.2}% 22
\BOOKMARK [1][-]{section.2.8}{\376\377\000C\000h\000i\000\040\000P\000h\000\355\000\040\000D\036\361\000\040\000K\000i\036\277\000n}{chapter.2}% 23
\BOOKMARK [1][-]{section.2.9}{\376\377\000K\036\277\000\040\000H\000o\036\241\000c\000h\000\040\000K\000i\036\303\000m\000\040\000S\000o\000\341\000t\000\040\000C\000h\036\245\000t\000\040\000L\001\260\036\343\000n\000g}{chapter.2}% 24
\BOOKMARK [1][-]{section.2.10}{\376\377\000T\000i\000\352\000u\000\040\000C\000h\000\355\000\040\000N\000g\000h\000i\036\307\000m\000\040\000T\000h\000u}{chapter.2}% 25
\BOOKMARK [0][-]{chapter.3}{\376\377\000S\000R\000S\000\040\000-\000\040\001\020\036\267\000c\000\040\000T\036\243\000\040\000Y\000\352\000u\000\040\000C\036\247\000u\000\040\000P\000h\036\247\000n\000\040\000M\036\301\000m}{}% 26
\BOOKMARK [1][-]{section.3.1}{\376\377\000G\000i\036\333\000i\000\040\000T\000h\000i\036\307\000u}{chapter.3}% 27
\BOOKMARK [2][-]{subsection.3.1.1}{\376\377\000M\036\345\000c\000\040\001\020\000\355\000c\000h}{section.3.1}% 28
\BOOKMARK [2][-]{subsection.3.1.2}{\376\377\000P\000h\036\241\000m\000\040\000V\000i\000\040\000S\036\243\000n\000\040\000P\000h\036\251\000m}{section.3.1}% 29
\BOOKMARK [2][-]{subsection.3.1.3}{\376\377\000T\000h\000u\036\255\000t\000\040\000N\000g\036\357}{section.3.1}% 30
\BOOKMARK [1][-]{section.3.2}{\376\377\000M\000\364\000\040\000T\036\243\000\040\000T\036\325\000n\000g\000\040\000Q\000u\000a\000n}{chapter.3}% 31
\BOOKMARK [2][-]{subsection.3.2.1}{\376\377\000B\036\321\000i\000\040\000C\036\243\000n\000h\000\040\000H\036\307\000\040\000T\000h\036\321\000n\000g}{section.3.2}% 32
\BOOKMARK [2][-]{subsection.3.2.2}{\376\377\000T\000\341\000c\000\040\000N\000h\000\342\000n}{section.3.2}% 33
\BOOKMARK [2][-]{subsection.3.2.3}{\376\377\000M\000\364\000i\000\040\000T\000r\001\260\036\335\000n\000g\000\040\000V\036\255\000n\000\040\000H\000\340\000n\000h}{section.3.2}% 34
\BOOKMARK [1][-]{section.3.3}{\376\377\000Y\000\352\000u\000\040\000C\036\247\000u\000\040\000C\000h\036\351\000c\000\040\000N\001\003\000n\000g}{chapter.3}% 35
\BOOKMARK [1][-]{section.3.4}{\376\377\000Y\000\352\000u\000\040\000C\036\247\000u\000\040\000P\000h\000i\000\040\000C\000h\036\351\000c\000\040\000N\001\003\000n\000g}{chapter.3}% 36
\BOOKMARK [1][-]{section.3.5}{\376\377\000U\000s\000e\000\040\000C\000a\000s\000e\000\040\000C\000h\000\355\000n\000h}{chapter.3}% 37
\BOOKMARK [1][-]{section.3.6}{\376\377\000Q\000u\000y\000\040\000T\036\257\000c\000\040\000N\000g\000h\000i\036\307\000p\000\040\000V\036\345}{chapter.3}% 38
\BOOKMARK [1][-]{section.3.7}{\376\377\000R\000\340\000n\000g\000\040\000B\000u\036\331\000c\000\040\000H\036\307\000\040\000T\000h\036\321\000n\000g}{chapter.3}% 39
\BOOKMARK [1][-]{section.3.8}{\376\377\000T\000i\000\352\000u\000\040\000C\000h\000\355\000\040\000C\000h\036\245\000p\000\040\000N\000h\036\255\000n}{chapter.3}% 40
\BOOKMARK [0][-]{chapter.4}{\376\377\000P\000h\000\342\000n\000\040\000T\000\355\000c\000h\000\040\000V\000\340\000\040\000T\000h\000i\036\277\000t\000\040\000K\036\277\000\040\000H\036\307\000\040\000T\000h\036\321\000n\000g}{}% 41
\BOOKMARK [1][-]{section.4.1}{\376\377\000P\000h\000\342\000n\000\040\000T\000\355\000c\000h\000\040\000H\000i\036\307\000n\000\040\000T\000r\036\241\000n\000g}{chapter.4}% 42
\BOOKMARK [1][-]{section.4.2}{\376\377\000K\000i\036\277\000n\000\040\000T\000r\000\372\000c\000\040\000T\036\325\000n\000g\000\040\000T\000h\036\303}{chapter.4}% 43
\BOOKMARK [1][-]{section.4.3}{\376\377\000T\000h\000\340\000n\000h\000\040\000P\000h\036\247\000n\000\040\000C\000h\000\355\000n\000h}{chapter.4}% 44
\BOOKMARK [1][-]{section.4.4}{\376\377\000T\000h\000i\036\277\000t\000\040\000K\036\277\000\040\000M\000o\000d\000u\000l\000e\000\040\000A\000n\000d\000r\000o\000i\000d}{chapter.4}% 45
\BOOKMARK [1][-]{section.4.5}{\376\377\000S\001\241\000\040\001\020\036\323\000\040\000U\000s\000e\000\040\000C\000a\000s\000e}{chapter.4}% 46
\BOOKMARK [1][-]{section.4.6}{\376\377\000L\000u\036\323\000n\000g\000\040\000X\036\355\000\040\000L\000\375\000\040\000C\000h\000\355\000n\000h}{chapter.4}% 47
\BOOKMARK [2][-]{subsection.4.6.1}{\376\377\001\020\001\003\000n\000g\000\040\000K\000\375\000\040\000V\000\340\000\040\000X\000\341\000c\000\040\000T\000h\036\361\000c\000\040\000O\000T\000P}{section.4.6}% 48
\BOOKMARK [2][-]{subsection.4.6.2}{\376\377\001\020\001\003\000n\000g\000\040\000N\000h\036\255\000p\000\040\000G\000o\000o\000g\000l\000e}{section.4.6}% 49
\BOOKMARK [2][-]{subsection.4.6.3}{\376\377\000T\036\241\000o\000\040\000L\036\313\000c\000h\000\040\000T\036\353\000\040\036\242\000n\000h}{section.4.6}% 50
\BOOKMARK [2][-]{subsection.4.6.4}{\376\377\000L\001\260\000u\000\040\000L\036\313\000c\000h\000\040\000V\000\340\000\040\000K\000i\036\303\000m\000\040\000T\000r\000a\000\040\000X\000u\000n\000g\000\040\001\020\036\331\000t}{section.4.6}% 51
\BOOKMARK [1][-]{section.4.7}{\376\377\000T\000h\000i\036\277\000t\000\040\000K\036\277\000\040\000G\000i\000a\000o\000\040\000D\000i\036\307\000n}{chapter.4}% 52
\BOOKMARK [1][-]{section.4.8}{\376\377\000T\000h\000i\036\277\000t\000\040\000K\036\277\000\040\000L\036\333\000p}{chapter.4}% 53
\BOOKMARK [1][-]{section.4.9}{\376\377\000T\000h\000i\036\277\000t\000\040\000K\036\277\000\040\000A\000P\000I\000\040\000B\000a\000c\000k\000e\000n\000d\000\040\000O\000T\000P}{chapter.4}% 54
\BOOKMARK [2][-]{subsection.4.9.1}{\376\377\000G\000E\000T\000\040\000/\000h\000e\000a\000l\000t\000h}{section.4.9}% 55
\BOOKMARK [2][-]{subsection.4.9.2}{\376\377\000P\000O\000S\000T\000\040\000/\000s\000e\000n\000d\000-\000o\000t\000p}{section.4.9}% 56
\BOOKMARK [1][-]{section.4.10}{\376\377\000C\036\245\000u\000\040\000T\000r\000\372\000c\000\040\000T\000h\001\260\000\040\000M\036\345\000c}{chapter.4}% 57
\BOOKMARK [1][-]{section.4.11}{\376\377\000H\036\241\000n\000\040\000C\000h\036\277\000\040\000T\000h\000i\036\277\000t\000\040\000K\036\277\000\040\000H\000i\036\307\000n\000\040\000T\036\241\000i}{chapter.4}% 58
\BOOKMARK [0][-]{chapter.5}{\376\377\000T\000h\000i\036\277\000t\000\040\000K\036\277\000\040\000D\036\357\000\040\000L\000i\036\307\000u}{}% 59
\BOOKMARK [1][-]{section.5.1}{\376\377\000T\036\325\000n\000g\000\040\000Q\000u\000a\000n}{chapter.5}% 60
\BOOKMARK [1][-]{section.5.2}{\376\377\000D\000a\000n\000h\000\040\000S\000\341\000c\000h\000\040\000C\001\241\000\040\000S\036\337\000\040\000D\036\357\000\040\000L\000i\036\307\000u}{chapter.5}% 61
\BOOKMARK [1][-]{section.5.3}{\376\377\000E\000R\000D\000\040\000T\036\325\000n\000g\000\040\000Q\000u\000a\000n}{chapter.5}% 62
\BOOKMARK [1][-]{section.5.4}{\376\377\000D\000a\000t\000a\000b\000a\000s\000e\000\040\000s\000t\000u\000d\000y\000\137\000a\000u\000t\000h\000.\000d\000b}{chapter.5}% 63
\BOOKMARK [2][-]{subsection.5.4.1}{\376\377\000B\036\243\000n\000g\000\040\000u\000s\000e\000r\000s}{section.5.4}% 64
\BOOKMARK [2][-]{subsection.5.4.2}{\376\377\000B\036\243\000n\000g\000\040\000o\000t\000p\000\137\000c\000o\000d\000e\000s}{section.5.4}% 65
\BOOKMARK [1][-]{section.5.5}{\376\377\000D\000a\000t\000a\000b\000a\000s\000e\000\040\000s\000t\000u\000d\000y\000\137\000p\000l\000a\000n\000n\000e\000r\000.\000d\000b}{chapter.5}% 66
\BOOKMARK [2][-]{subsection.5.5.1}{\376\377\000B\036\243\000n\000g\000\040\000p\000r\000o\000f\000i\000l\000e}{section.5.5}% 67
\BOOKMARK [2][-]{subsection.5.5.2}{\376\377\000B\036\243\000n\000g\000\040\000t\000a\000s\000k\000s}{section.5.5}% 68
\BOOKMARK [2][-]{subsection.5.5.3}{\376\377\000B\036\243\000n\000g\000\040\000e\000v\000e\000n\000t\000s}{section.5.5}% 69
\BOOKMARK [2][-]{subsection.5.5.4}{\376\377\000B\036\243\000n\000g\000\040\000f\000o\000c\000u\000s\000\137\000s\000t\000a\000t\000s}{section.5.5}% 70
\BOOKMARK [2][-]{subsection.5.5.5}{\376\377\000B\036\243\000n\000g\000\040\000f\000o\000c\000u\000s\000\137\000d\000a\000y\000\137\000s\000t\000a\000t\000s}{section.5.5}% 71
\BOOKMARK [2][-]{subsection.5.5.6}{\376\377\000B\036\243\000n\000g\000\040\000p\000o\000m\000o\000d\000o\000r\000o\000\137\000s\000e\000s\000s\000i\000o\000n\000s}{section.5.5}% 72
\BOOKMARK [2][-]{subsection.5.5.7}{\376\377\000B\036\243\000n\000g\000\040\000s\000e\000t\000t\000i\000n\000g\000s}{section.5.5}% 73
\BOOKMARK [1][-]{section.5.6}{\376\377\000S\000h\000a\000r\000e\000d\000P\000r\000e\000f\000e\000r\000e\000n\000c\000e\000s}{chapter.5}% 74
\BOOKMARK [2][-]{subsection.5.6.1}{\376\377\000s\000t\000u\000d\000y\000\137\000a\000u\000t\000h\000\137\000s\000e\000s\000s\000i\000o\000n}{section.5.6}% 75
\BOOKMARK [2][-]{subsection.5.6.2}{\376\377\000s\000t\000u\000d\000y\000\137\000p\000l\000a\000n\000n\000e\000r\000\137\000s\000t\000o\000r\000e\000\040\000h\000o\036\267\000c\000\040\000s\000t\000u\000d\000y\000\137\000p\000l\000a\000n\000n\000e\000r\000\137\000s\000t\000o\000r\000e\000\137\000<\000h\000a\000s\000h\000>}{section.5.6}% 76
\BOOKMARK [1][-]{section.5.7}{\376\377\000D\036\357\000\040\000L\000i\036\307\000u\000\040\000M\036\253\000u}{chapter.5}% 77
\BOOKMARK [1][-]{section.5.8}{\376\377\000C\000h\000\355\000n\000h\000\040\000S\000\341\000c\000h\000\040\000B\036\243\000o\000\040\000M\036\255\000t\000\040\000D\036\357\000\040\000L\000i\036\307\000u}{chapter.5}% 78
\BOOKMARK [1][-]{section.5.9}{\376\377\000H\036\241\000n\000\040\000C\000h\036\277\000\040\000V\000\340\000\040\001\020\036\301\000\040\000X\000u\036\245\000t\000\040\000N\000\342\000n\000g\000\040\000C\036\245\000p}{chapter.5}% 79
\BOOKMARK [0][-]{chapter.6}{\376\377\000T\000\340\000i\000\040\000L\000i\036\307\000u\000\040\000K\000i\036\303\000m\000\040\000T\000h\036\355}{}% 80
\BOOKMARK [1][-]{section.6.1}{\376\377\000M\036\345\000c\000\040\000T\000i\000\352\000u\000\040\000K\000i\036\303\000m\000\040\000T\000h\036\355}{chapter.6}% 81
\BOOKMARK [1][-]{section.6.2}{\376\377\000P\000h\036\241\000m\000\040\000V\000i\000\040\000K\000i\036\303\000m\000\040\000T\000h\036\355}{chapter.6}% 82
\BOOKMARK [2][-]{subsection.6.2.1}{\376\377\000T\000r\000o\000n\000g\000\040\000P\000h\036\241\000m\000\040\000V\000i}{section.6.2}% 83
\BOOKMARK [2][-]{subsection.6.2.2}{\376\377\000N\000g\000o\000\340\000i\000\040\000P\000h\036\241\000m\000\040\000V\000i}{section.6.2}% 84
\BOOKMARK [1][-]{section.6.3}{\376\377\000M\000\364\000i\000\040\000T\000r\001\260\036\335\000n\000g\000\040\000K\000i\036\303\000m\000\040\000T\000h\036\355}{chapter.6}% 85
\BOOKMARK [1][-]{section.6.4}{\376\377\000C\000h\000i\036\277\000n\000\040\000L\001\260\036\343\000c\000\040\000K\000i\036\303\000m\000\040\000T\000h\036\355}{chapter.6}% 86
\BOOKMARK [1][-]{section.6.5}{\376\377\000L\036\307\000n\000h\000\040\000K\000i\036\303\000m\000\040\000T\000h\036\355\000\040\000K\036\371\000\040\000T\000h\000u\036\255\000t}{chapter.6}% 87
\BOOKMARK [1][-]{section.6.6}{\376\377\000T\000e\000s\000t\000\040\000C\000a\000s\000e}{chapter.6}% 88
\BOOKMARK [1][-]{section.6.7}{\376\377\000B\000u\000g\000\040\000R\000e\000p\000o\000r\000t}{chapter.6}% 89
\BOOKMARK [2][-]{subsection.6.7.1}{\376\377\000B\000U\000G\000-\0000\0001\000:\000\040\000G\000o\000o\000g\000l\000e\000\040\000S\000i\000g\000n\000-\000I\000n\000\040\000B\000\341\000o\000\040\000K\000h\000\364\000n\000g\000\040\000H\000o\000\340\000n\000\040\000T\036\245\000t\000\040\000D\000o\000\040\000S\000a\000i\000\040\000S\000H\000A\000-\0001\000/\000O\000A\000u\000t\000h}{section.6.7}% 90
\BOOKMARK [1][-]{section.6.8}{\376\377\000M\000a\000\040\000T\000r\036\255\000n\000\040\000T\000r\000u\000y\000\040\000V\036\277\000t\000\040\000Y\000\352\000u\000\040\000C\036\247\000u\000\040\000-\000\040\000T\000e\000s\000t}{chapter.6}% 91
\BOOKMARK [1][-]{section.6.9}{\376\377\000K\036\277\000t\000\040\000L\000u\036\255\000n\000\040\000K\000i\036\303\000m\000\040\000T\000h\036\355\000\040\000H\000i\036\307\000n\000\040\000T\036\241\000i}{chapter.6}% 92
\BOOKMARK [0][-]{chapter.7}{\376\377\000H\001\260\036\333\000n\000g\000\040\000D\036\253\000n\000\040\000C\000\340\000i\000\040\001\020\036\267\000t\000\040\000V\000\340\000\040\000T\000r\000i\036\303\000n\000\040\000K\000h\000a\000i}{}% 93
\BOOKMARK [1][-]{section.7.1}{\376\377\000M\036\345\000c\000\040\001\020\000\355\000c\000h}{chapter.7}% 94
\BOOKMARK [1][-]{section.7.2}{\376\377\000Y\000\352\000u\000\040\000C\036\247\000u\000\040\000M\000\364\000i\000\040\000T\000r\001\260\036\335\000n\000g}{chapter.7}% 95
\BOOKMARK [1][-]{section.7.3}{\376\377\000C\000l\000o\000n\000e\000\040\000V\000\340\000\040\000M\036\337\000\040\000P\000r\000o\000j\000e\000c\000t}{chapter.7}% 96
\BOOKMARK [1][-]{section.7.4}{\376\377\000C\036\245\000u\000\040\000H\000\354\000n\000h\000\040\000A\000n\000d\000r\000o\000i\000d\000\040\000A\000p\000p}{chapter.7}% 97
\BOOKMARK [2][-]{subsection.7.4.1}{\376\377\000P\000a\000c\000k\000a\000g\000e\000\040\000N\000a\000m\000e}{section.7.4}% 98
\BOOKMARK [2][-]{subsection.7.4.2}{\376\377\000F\000i\000l\000e\000\040\000g\000o\000o\000g\000l\000e\000-\000s\000e\000r\000v\000i\000c\000e\000s\000.\000j\000s\000o\000n}{section.7.4}% 99
\BOOKMARK [2][-]{subsection.7.4.3}{\376\377\000C\036\245\000u\000\040\000H\000\354\000n\000h\000\040\000S\000H\000A\000-\0001\000\040\000C\000h\000o\000\040\000G\000o\000o\000g\000l\000e\000\040\000S\000i\000g\000n\000-\000I\000n}{section.7.4}% 100
\BOOKMARK [1][-]{section.7.5}{\376\377\000C\036\245\000u\000\040\000H\000\354\000n\000h\000\040\000l\000o\000c\000a\000l\000.\000p\000r\000o\000p\000e\000r\000t\000i\000e\000s}{chapter.7}% 101
\BOOKMARK [1][-]{section.7.6}{\376\377\000B\000u\000i\000l\000d\000\040\000A\000n\000d\000r\000o\000i\000d\000\040\000A\000p\000p}{chapter.7}% 102
\BOOKMARK [1][-]{section.7.7}{\376\377\000C\000h\036\241\000y\000\040\000O\000T\000P\000\040\000B\000a\000c\000k\000e\000n\000d}{chapter.7}% 103
\BOOKMARK [2][-]{subsection.7.7.1}{\376\377\000C\036\245\000u\000\040\000H\000\354\000n\000h\000\040\000B\000i\036\277\000n\000\040\000M\000\364\000i\000\040\000T\000r\001\260\036\335\000n\000g}{section.7.7}% 104
\BOOKMARK [2][-]{subsection.7.7.2}{\376\377\000K\000h\036\337\000i\000\040\001\020\036\331\000n\000g\000\040\000B\000a\000c\000k\000e\000n\000d}{section.7.7}% 105
\BOOKMARK [2][-]{subsection.7.7.3}{\376\377\000K\000i\036\303\000m\000\040\000T\000r\000a\000\040\000B\000a\000c\000k\000e\000n\000d}{section.7.7}% 106
\BOOKMARK [1][-]{section.7.8}{\376\377\000C\036\245\000u\000\040\000H\000\354\000n\000h\000\040\000F\000i\000r\000e\000b\000a\000s\000e\000\040\000A\000u\000t\000h\000e\000n\000t\000i\000c\000a\000t\000i\000o\000n}{chapter.7}% 107
\BOOKMARK [1][-]{section.7.9}{\376\377\000C\036\245\000u\000\040\000H\000\354\000n\000h\000\040\000G\000e\000m\000i\000n\000i\000\040\000A\000P\000I}{chapter.7}% 108
\BOOKMARK [1][-]{section.7.10}{\376\377\000C\000h\036\241\000y\000\040\000T\000r\000\352\000n\000\040\000T\000h\000i\036\277\000t\000\040\000B\036\313\000\040\000T\000h\036\255\000t}{chapter.7}% 109
\BOOKMARK [1][-]{section.7.11}{\376\377\000X\036\355\000\040\000L\000\375\000\040\000L\036\327\000i\000\040\000T\000h\001\260\036\335\000n\000g\000\040\000G\036\267\000p}{chapter.7}% 110
\BOOKMARK [1][-]{section.7.12}{\376\377\000B\000a\000c\000k\000u\000p\000\040\000V\000\340\000\040\000R\000e\000s\000t\000o\000r\000e\000\040\000D\036\357\000\040\000L\000i\036\307\000u}{chapter.7}% 111
\BOOKMARK [1][-]{section.7.13}{\376\377\000R\000e\000l\000e\000a\000s\000e\000\040\000N\000o\000t\000e\000s\000\040\000P\000h\000i\000\352\000n\000\040\000B\036\243\000n\000\040\0001\000.\0000}{chapter.7}% 112
\BOOKMARK [2][-]{subsection.7.13.1}{\376\377\000T\000\355\000n\000h\000\040\000n\001\003\000n\000g}{section.7.13}% 113
\BOOKMARK [2][-]{subsection.7.13.2}{\376\377\000H\036\241\000n\000\040\000c\000h\036\277}{section.7.13}% 114
\BOOKMARK [0][-]{chapter.8}{\376\377\000H\001\260\036\333\000n\000g\000\040\000D\036\253\000n\000\040\000S\036\355\000\040\000D\036\345\000n\000g}{}% 115
\BOOKMARK [1][-]{section.8.1}{\376\377\000G\000i\036\333\000i\000\040\000T\000h\000i\036\307\000u}{chapter.8}% 116
\BOOKMARK [1][-]{section.8.2}{\376\377\000M\036\337\000\040\036\350\000n\000g\000\040\000D\036\345\000n\000g\000\040\000L\036\247\000n\000\040\001\020\036\247\000u}{chapter.8}% 117
\BOOKMARK [1][-]{section.8.3}{\376\377\001\020\001\003\000n\000g\000\040\000K\000\375\000\040\000T\000\340\000i\000\040\000K\000h\000o\036\243\000n}{chapter.8}% 118
\BOOKMARK [1][-]{section.8.4}{\376\377\001\020\001\003\000n\000g\000\040\000N\000h\036\255\000p\000\040\000B\036\261\000n\000g\000\040\000E\000m\000a\000i\000l}{chapter.8}% 119
\BOOKMARK [1][-]{section.8.5}{\376\377\001\020\001\003\000n\000g\000\040\000N\000h\036\255\000p\000\040\000B\036\261\000n\000g\000\040\000G\000o\000o\000g\000l\000e}{chapter.8}% 120
\BOOKMARK [1][-]{section.8.6}{\376\377\000Q\000u\000\352\000n\000\040\000M\036\255\000t\000\040\000K\000h\036\251\000u}{chapter.8}% 121
\BOOKMARK [1][-]{section.8.7}{\376\377\000D\000a\000s\000h\000b\000o\000a\000r\000d}{chapter.8}% 122
\BOOKMARK [1][-]{section.8.8}{\376\377\000Q\000u\036\243\000n\000\040\000L\000\375\000\040\000L\036\313\000c\000h\000\040\000H\036\315\000c}{chapter.8}% 123
\BOOKMARK [2][-]{subsection.8.8.1}{\376\377\000X\000e\000m\000\040\000L\036\313\000c\000h}{section.8.8}% 124
\BOOKMARK [2][-]{subsection.8.8.2}{\376\377\000T\000h\000\352\000m\000\040\000L\036\313\000c\000h}{section.8.8}% 125
\BOOKMARK [2][-]{subsection.8.8.3}{\376\377\000S\036\355\000a\000/\000X\000\363\000a\000\040\000L\036\313\000c\000h}{section.8.8}% 126
\BOOKMARK [1][-]{section.8.9}{\376\377\000T\036\241\000o\000\040\000L\036\313\000c\000h\000\040\000T\036\353\000\040\036\242\000n\000h}{chapter.8}% 127
\BOOKMARK [1][-]{section.8.10}{\376\377\000Q\000u\036\243\000n\000\040\000L\000\375\000\040\000V\000i\036\307\000c\000\040\000H\036\315\000c}{chapter.8}% 128
\BOOKMARK [2][-]{subsection.8.10.1}{\376\377\000X\000e\000m\000\040\000V\000\340\000\040\000L\036\315\000c\000\040\000T\000a\000s\000k}{section.8.10}% 129
\BOOKMARK [2][-]{subsection.8.10.2}{\376\377\000T\000h\000\352\000m\000\040\000T\000a\000s\000k}{section.8.10}% 130
\BOOKMARK [2][-]{subsection.8.10.3}{\376\377\000H\000o\000\340\000n\000\040\000T\000h\000\340\000n\000h\000,\000\040\000S\036\355\000a\000,\000\040\000X\000\363\000a\000\040\000T\000a\000s\000k}{section.8.10}% 131
\BOOKMARK [1][-]{section.8.11}{\376\377\000P\000o\000m\000o\000d\000o\000r\000o}{chapter.8}% 132
\BOOKMARK [1][-]{section.8.12}{\376\377\000T\000h\036\321\000n\000g\000\040\000K\000\352}{chapter.8}% 133
\BOOKMARK [1][-]{section.8.13}{\376\377\000C\000\340\000i\000\040\001\020\036\267\000t}{chapter.8}% 134
\BOOKMARK [2][-]{subsection.8.13.1}{\376\377\000S\036\355\000a\000\040\000H\036\323\000\040\000S\001\241}{section.8.13}% 135
\BOOKMARK [2][-]{subsection.8.13.2}{\376\377\000C\000\341\000\040\000N\000h\000\342\000n\000\040\000H\000\363\000a\000\040\000G\000i\000a\000o\000\040\000D\000i\036\307\000n}{section.8.13}% 136
\BOOKMARK [2][-]{subsection.8.13.3}{\376\377\000T\000h\000\364\000n\000g\000\040\000B\000\341\000o\000\040\000V\000\340\000\040\001\020\036\323\000n\000g\000\040\000B\036\331}{section.8.13}% 137
\BOOKMARK [2][-]{subsection.8.13.4}{\376\377\001\020\001\003\000n\000g\000\040\000X\000u\036\245\000t}{section.8.13}% 138
\BOOKMARK [1][-]{section.8.14}{\376\377\000X\036\355\000\040\000L\000\375\000\040\000L\036\327\000i\000\040\000T\000h\001\260\036\335\000n\000g\000\040\000G\036\267\000p}{chapter.8}% 139
\BOOKMARK [0][-]{chapter.9}{\376\377\000R\000E\000A\000D\000M\000E\000\040\000M\000\343\000\040\000N\000g\000u\036\323\000n}{}% 140
\BOOKMARK [1][-]{section.9.1}{\376\377\000T\036\325\000n\000g\000\040\000Q\000u\000a\000n}{chapter.9}% 141
\BOOKMARK [1][-]{section.9.2}{\376\377\000C\000\364\000n\000g\000\040\000N\000g\000h\036\307\000\040\000S\036\355\000\040\000D\036\345\000n\000g}{chapter.9}% 142
\BOOKMARK [1][-]{section.9.3}{\376\377\000C\036\245\000u\000\040\000T\000r\000\372\000c\000\040\000T\000h\001\260\000\040\000M\036\345\000c}{chapter.9}% 143
\BOOKMARK [1][-]{section.9.4}{\376\377\000M\000o\000d\000u\000l\000e\000\040\000A\000n\000d\000r\000o\000i\000d\000\040\000a\000p\000p}{chapter.9}% 144
\BOOKMARK [2][-]{subsection.9.4.1}{\376\377\000M\000a\000i\000n\000A\000c\000t\000i\000v\000i\000t\000y\000.\000j\000a\000v\000a}{section.9.4}% 145
\BOOKMARK [2][-]{subsection.9.4.2}{\376\377\000P\000a\000c\000k\000a\000g\000e\000\040\000d\000a\000t\000a}{section.9.4}% 146
\BOOKMARK [2][-]{subsection.9.4.3}{\376\377\000P\000a\000c\000k\000a\000g\000e\000\040\000m\000o\000d\000e\000l}{section.9.4}% 147
\BOOKMARK [2][-]{subsection.9.4.4}{\376\377\000P\000a\000c\000k\000a\000g\000e\000\040\000u\000i}{section.9.4}% 148
\BOOKMARK [1][-]{section.9.5}{\376\377\000M\000o\000d\000u\000l\000e\000\040\000o\000t\000p\000-\000b\000a\000c\000k\000e\000n\000d}{chapter.9}% 149
\BOOKMARK [1][-]{section.9.6}{\376\377\000C\000\340\000i\000\040\001\020\036\267\000t\000\040\000N\000h\000a\000n\000h}{chapter.9}% 150
\BOOKMARK [2][-]{subsection.9.6.1}{\376\377\000C\036\245\000u\000\040\000H\000\354\000n\000h\000\040\000F\000i\000r\000e\000b\000a\000s\000e}{section.9.6}% 151
\BOOKMARK [2][-]{subsection.9.6.2}{\376\377\000C\036\245\000u\000\040\000H\000\354\000n\000h\000\040\000l\000o\000c\000a\000l\000.\000p\000r\000o\000p\000e\000r\000t\000i\000e\000s}{section.9.6}% 152
\BOOKMARK [2][-]{subsection.9.6.3}{\376\377\000B\000u\000i\000l\000d\000\040\000A\000p\000p}{section.9.6}% 153
\BOOKMARK [2][-]{subsection.9.6.4}{\376\377\000C\000\340\000i\000\040\000A\000p\000p}{section.9.6}% 154
\BOOKMARK [2][-]{subsection.9.6.5}{\376\377\000C\000h\036\241\000y\000\040\000B\000a\000c\000k\000e\000n\000d\000\040\000O\000T\000P}{section.9.6}% 155
\BOOKMARK [1][-]{section.9.7}{\376\377\000L\036\307\000n\000h\000\040\000P\000h\000\341\000t\000\040\000T\000r\000i\036\303\000n\000\040\000T\000h\001\260\036\335\000n\000g\000\040\000D\000\371\000n\000g}{chapter.9}% 156
\BOOKMARK [1][-]{section.9.8}{\376\377\000Q\000u\000y\000\040\001\257\036\333\000c\000\040\000C\000o\000d\000e}{chapter.9}% 157
\BOOKMARK [1][-]{section.9.9}{\376\377\000T\000r\036\241\000n\000g\000\040\000T\000h\000\341\000i\000\040\000K\000i\036\303\000m\000\040\000T\000h\036\355\000\040\000H\000i\036\307\000n\000\040\000T\036\241\000i}{chapter.9}% 158
\BOOKMARK [1][-]{section.9.10}{\376\377\000H\001\260\036\333\000n\000g\000\040\000B\036\243\000o\000\040\000T\000r\000\354\000\040\000V\000\340\000\040\000M\036\337\000\040\000R\036\331\000n\000g}{chapter.9}% 159
\BOOKMARK [1][-]{section.9.11}{\376\377\000L\000i\000\352\000n\000\040\000K\036\277\000t\000\040\000T\000\340\000i\000\040\000L\000i\036\307\000u\000\040\000T\000r\000o\000n\000g\000\040\000R\000e\000p\000o}{chapter.9}% 160
