
C:\Users\AnThiwn\Desktop\CUOIKY_QLLICHHOCTAP\otp-backend>if "Windows_NT" == "Windows_NT" setlocal

C:\Users\AnThiwn\Desktop\CUOIKY_QLLICHHOCTAP\otp-backend>set DIRNAME=C:\Users\AnThiwn\Desktop\CUOIKY_QLLICHHOCTAP\ 

C:\Users\AnThiwn\Desktop\CUOIKY_QLLICHHOCTAP\otp-backend>if "C:\Users\AnThiwn\Desktop\CUOIKY_QLLICHHOCTAP\" == "" set DIRNAME=. 

C:\Users\AnThiwn\Desktop\CUOIKY_QLLICHHOCTAP\otp-backend>set APP_BASE_NAME=gradlew 

C:\Users\AnThiwn\Desktop\CUOIKY_QLLICHHOCTAP\otp-backend>set APP_HOME=C:\Users\AnThiwn\Desktop\CUOIKY_QLLICHHOCTAP\ 

C:\Users\AnThiwn\Desktop\CUOIKY_QLLICHHOCTAP\otp-backend>for %i in ("C:\Users\AnThiwn\Desktop\CUOIKY_QLLICHHOCTAP\") do set APP_HOME=%~fi 

C:\Users\AnThiwn\Desktop\CUOIKY_QLLICHHOCTAP\otp-backend>set APP_HOME=C:\Users\AnThiwn\Desktop\CUOIKY_QLLICHHOCTAP\ 

C:\Users\AnThiwn\Desktop\CUOIKY_QLLICHHOCTAP\otp-backend>set DEFAULT_JVM_OPTS="-Xmx64m" "-Xms64m" 

C:\Users\AnThiwn\Desktop\CUOIKY_QLLICHHOCTAP\otp-backend>if defined JAVA_HOME goto findJavaFromJavaHome 

C:\Users\AnThiwn\Desktop\CUOIKY_QLLICHHOCTAP\otp-backend>set JAVA_HOME=C:\Program Files\Java\jdk-25 

C:\Users\AnThiwn\Desktop\CUOIKY_QLLICHHOCTAP\otp-backend>set JAVA_EXE=C:\Program Files\Java\jdk-25/bin/java.exe 

C:\Users\AnThiwn\Desktop\CUOIKY_QLLICHHOCTAP\otp-backend>if exist "C:\Program Files\Java\jdk-25/bin/java.exe" goto execute 

C:\Users\AnThiwn\Desktop\CUOIKY_QLLICHHOCTAP\otp-backend>set CLASSPATH= 

C:\Users\AnThiwn\Desktop\CUOIKY_QLLICHHOCTAP\otp-backend>"C:\Program Files\Java\jdk-25/bin/java.exe" "-Xmx64m" "-Xms64m"   "-Dorg.gradle.appname=gradlew" -classpath "" -jar "C:\Users\AnThiwn\Desktop\CUOIKY_QLLICHHOCTAP\\gradle\wrapper\gradle-wrapper.jar" -p . run 
Starting a Gradle Daemon, 2 busy and 1 incompatible and 10 stopped Daemons could not be reused, use --status for details
> Task :compileJava UP-TO-DATE
> Task :processResources NO-SOURCE
> Task :classes UP-TO-DATE

> Task :run
OTP mail backend started on port 8080. For a real phone, use this computer's LAN IP, for example http://192.168.x.x:8080

Timed out waiting for finished message from client socket connection from /127.0.0.1:50255 to /127.0.0.1:55321. Discarding connection.

C:\Users\AnThiwn\Desktop\CUOIKY_QLLICHHOCTAP\otp-backend>if 1073807364 EQU 0 goto mainEnd 

C:\Users\AnThiwn\Desktop\CUOIKY_QLLICHHOCTAP\otp-backend>rem Set variable GRADLE_EXIT_CONSOLE if you need the _script_ return code instead of 

C:\Users\AnThiwn\Desktop\CUOIKY_QLLICHHOCTAP\otp-backend>rem the _cmd.exe /c_ return code! 

C:\Users\AnThiwn\Desktop\CUOIKY_QLLICHHOCTAP\otp-backend>set EXIT_CODE=1073807364 

C:\Users\AnThiwn\Desktop\CUOIKY_QLLICHHOCTAP\otp-backend>if 1073807364 EQU 0 set EXIT_CODE=1 

C:\Users\AnThiwn\Desktop\CUOIKY_QLLICHHOCTAP\otp-backend>if not "" == "" exit 1073807364 

C:\Users\AnThiwn\Desktop\CUOIKY_QLLICHHOCTAP\otp-backend>exit /b 1073807364 
